This is pdfTeX, Version 3.141592653-2.6-1.40.25 (MiKTeX 24.1) (preloaded format=pdflatex 2026.1.2)  2 SEP 2026 17:54
entering extended mode
 restricted \write18 enabled.
 %&-line parsing enabled.
**./main_final.tex
(main_final.tex
LaTeX2e <2023-11-01> patch level 1
L3 programming layer <2024-01-04>
(D:\tex\tex/latex/ieeetran\IEEEtran.cls
Document Class: IEEEtran 2015/08/26 V1.8b by Michael Shell
-- See the "IEEEtran_HOWTO" manual for usage information.
-- http://www.michaelshell.org/tex/ieeetran/
\@IEEEtrantmpdimenA=\dimen140
\@IEEEtrantmpdimenB=\dimen141
\@IEEEtrantmpdimenC=\dimen142
\@IEEEtrantmpcountA=\count187
\@IEEEtrantmpcountB=\count188
\@IEEEtrantmpcountC=\count189
\@IEEEtrantmptoksA=\toks17
LaTeX Font Info:    Trying to load font information for OT1+ptm on input line 5
03.
(D:\tex\tex/latex/psnfss\ot1ptm.fd
File: ot1ptm.fd 2001/06/04 font definitions for OT1/ptm.
)
-- Using 8.5in x 11in (letter) paper.
-- Using PDF output.
\@IEEEnormalsizeunitybaselineskip=\dimen143
-- This is a 10 point document.
\CLASSINFOnormalsizebaselineskip=\dimen144
\CLASSINFOnormalsizeunitybaselineskip=\dimen145
\IEEEnormaljot=\dimen146
LaTeX Font Info:    Font shape `OT1/ptm/bx/n' in size <5> not available
(Font)              Font shape `OT1/ptm/b/n' tried instead on input line 1090.
LaTeX Font Info:    Font shape `OT1/ptm/bx/it' in size <5> not available
(Font)              Font shape `OT1/ptm/b/it' tried instead on input line 1090.

LaTeX Font Info:    Font shape `OT1/ptm/bx/n' in size <7> not available
(Font)              Font shape `OT1/ptm/b/n' tried instead on input line 1090.
LaTeX Font Info:    Font shape `OT1/ptm/bx/it' in size <7> not available
(Font)              Font shape `OT1/ptm/b/it' tried instead on input line 1090.

LaTeX Font Info:    Font shape `OT1/ptm/bx/n' in size <8> not available
(Font)              Font shape `OT1/ptm/b/n' tried instead on input line 1090.
LaTeX Font Info:    Font shape `OT1/ptm/bx/it' in size <8> not available
(Font)              Font shape `OT1/ptm/b/it' tried instead on input line 1090.

LaTeX Font Info:    Font shape `OT1/ptm/bx/n' in size <9> not available
(Font)              Font shape `OT1/ptm/b/n' tried instead on input line 1090.
LaTeX Font Info:    Font shape `OT1/ptm/bx/it' in size <9> not available
(Font)              Font shape `OT1/ptm/b/it' tried instead on input line 1090.

LaTeX Font Info:    Font shape `OT1/ptm/bx/n' in size <10> not available
(Font)              Font shape `OT1/ptm/b/n' tried instead on input line 1090.
LaTeX Font Info:    Font shape `OT1/ptm/bx/it' in size <10> not available
(Font)              Font shape `OT1/ptm/b/it' tried instead on input line 1090.

LaTeX Font Info:    Font shape `OT1/ptm/bx/n' in size <11> not available
(Font)              Font shape `OT1/ptm/b/n' tried instead on input line 1090.
LaTeX Font Info:    Font shape `OT1/ptm/bx/it' in size <11> not available
(Font)              Font shape `OT1/ptm/b/it' tried instead on input line 1090.

LaTeX Font Info:    Font shape `OT1/ptm/bx/n' in size <12> not available
(Font)              Font shape `OT1/ptm/b/n' tried instead on input line 1090.
LaTeX Font Info:    Font shape `OT1/ptm/bx/it' in size <12> not available
(Font)              Font shape `OT1/ptm/b/it' tried instead on input line 1090.

LaTeX Font Info:    Font shape `OT1/ptm/bx/n' in size <17> not available
(Font)              Font shape `OT1/ptm/b/n' tried instead on input line 1090.
LaTeX Font Info:    Font shape `OT1/ptm/bx/it' in size <17> not available
(Font)              Font shape `OT1/ptm/b/it' tried instead on input line 1090.

LaTeX Font Info:    Font shape `OT1/ptm/bx/n' in size <20> not available
(Font)              Font shape `OT1/ptm/b/n' tried instead on input line 1090.
LaTeX Font Info:    Font shape `OT1/ptm/bx/it' in size <20> not available
(Font)              Font shape `OT1/ptm/b/it' tried instead on input line 1090.

LaTeX Font Info:    Font shape `OT1/ptm/bx/n' in size <24> not available
(Font)              Font shape `OT1/ptm/b/n' tried instead on input line 1090.
LaTeX Font Info:    Font shape `OT1/ptm/bx/it' in size <24> not available
(Font)              Font shape `OT1/ptm/b/it' tried instead on input line 1090.

\IEEEquantizedlength=\dimen147
\IEEEquantizedlengthdiff=\dimen148
\IEEEquantizedtextheightdiff=\dimen149
\IEEEilabelindentA=\dimen150
\IEEEilabelindentB=\dimen151
\IEEEilabelindent=\dimen152
\IEEEelabelindent=\dimen153
\IEEEdlabelindent=\dimen154
\IEEElabelindent=\dimen155
\IEEEiednormlabelsep=\dimen156
\IEEEiedmathlabelsep=\dimen157
\IEEEiedtopsep=\skip48
\c@section=\count190
\c@subsection=\count191
\c@subsubsection=\count192
\c@paragraph=\count193
\c@IEEEsubequation=\count194
\abovecaptionskip=\skip49
\belowcaptionskip=\skip50
\c@figure=\count195
\c@table=\count196
\@IEEEeqnnumcols=\count197
\@IEEEeqncolcnt=\count198
\@IEEEsubeqnnumrollback=\count199
\@IEEEquantizeheightA=\dimen158
\@IEEEquantizeheightB=\dimen159
\@IEEEquantizeheightC=\dimen160
\@IEEEquantizeprevdepth=\dimen161
\@IEEEquantizemultiple=\count266
\@IEEEquantizeboxA=\box51
\@IEEEtmpitemindent=\dimen162
\IEEEPARstartletwidth=\dimen163
\c@IEEEbiography=\count267
\@IEEEtranrubishbin=\box52
) (D:\tex\tex/latex/cite\cite.sty
LaTeX Info: Redefining \cite on input line 302.
LaTeX Info: Redefining \nocite on input line 332.
Package: cite 2015/02/27  v 5.5
) (D:\tex\tex/latex/amsmath\amsmath.sty
Package: amsmath 2025/07/09 v2.17z AMS math features
\@mathmargin=\skip51

For additional information on amsmath, use the `?' option.
(D:\tex\tex/latex/amsmath\amstext.sty
Package: amstext 2024/11/17 v2.01 AMS text
 (D:\tex\tex/latex/amsmath\amsgen.sty
File: amsgen.sty 1999/11/30 v2.0 generic functions
\@emptytoks=\toks18
\ex@=\dimen164
))
(D:\tex\tex/latex/amsmath\amsbsy.sty
Package: amsbsy 1999/11/29 v1.2d Bold Symbols
\pmbraise@=\dimen165
) (D:\tex\tex/latex/amsmath\amsopn.sty
Package: amsopn 2022/04/08 v2.04 operator names
)
\inf@bad=\count268
LaTeX Info: Redefining \frac on input line 233.
\uproot@=\count269
\leftroot@=\count270
LaTeX Info: Redefining \overline on input line 398.
LaTeX Info: Redefining \colon on input line 409.
\classnum@=\count271
\DOTSCASE@=\count272
LaTeX Info: Redefining \ldots on input line 495.
LaTeX Info: Redefining \dots on input line 498.
LaTeX Info: Redefining \cdots on input line 619.
\Mathstrutbox@=\box53
\strutbox@=\box54
LaTeX Info: Redefining \big on input line 721.
LaTeX Info: Redefining \Big on input line 722.
LaTeX Info: Redefining \bigg on input line 723.
LaTeX Info: Redefining \Bigg on input line 724.
\big@size=\dimen166
LaTeX Font Info:    Redeclaring font encoding OML on input line 742.
LaTeX Font Info:    Redeclaring font encoding OMS on input line 743.
\macc@depth=\count273
LaTeX Info: Redefining \bmod on input line 904.
LaTeX Info: Redefining \pmod on input line 909.
LaTeX Info: Redefining \smash on input line 939.
LaTeX Info: Redefining \relbar on input line 969.
LaTeX Info: Redefining \Relbar on input line 970.
\c@MaxMatrixCols=\count274
\dotsspace@=\muskip16
\c@parentequation=\count275
\dspbrk@lvl=\count276
\tag@help=\toks19
\row@=\count277
\column@=\count278
\maxfields@=\count279
\andhelp@=\toks20
\eqnshift@=\dimen167
\alignsep@=\dimen168
\tagshift@=\dimen169
\tagwidth@=\dimen170
\totwidth@=\dimen171
\lineht@=\dimen172
\@envbody=\toks21
\multlinegap=\skip52
\multlinetaggap=\skip53
\mathdisplay@stack=\toks22
LaTeX Info: Redefining \[ on input line 2950.
LaTeX Info: Redefining \] on input line 2951.
)
(D:\tex\tex/latex/amsfonts\amssymb.sty
Package: amssymb 2013/01/14 v3.01 AMS font symbols
 (D:\tex\tex/latex/amsfonts\amsfonts.sty
Package: amsfonts 2013/01/14 v3.01 Basic AMSFonts support
\symAMSa=\mathgroup4
\symAMSb=\mathgroup5
LaTeX Font Info:    Redeclaring math symbol \hbar on input line 98.
LaTeX Font Info:    Overwriting math alphabet `\mathfrak' in version `bold'
(Font)                  U/euf/m/n --> U/euf/b/n on input line 106.
)) (D:\tex\tex/latex/graphics\graphicx.sty
Package: graphicx 2021/09/16 v1.2d Enhanced LaTeX Graphics (DPC,SPQR)
 (D:\tex\tex/latex/graphics\keyval.sty
Package: keyval 2022/05/29 v1.15 key=value parser (DPC)
\KV@toks@=\toks23
) (D:\tex\tex/latex/graphics\graphics.sty
Package: graphics 2022/03/10 v1.4e Standard LaTeX Graphics (DPC,SPQR)
 (D:\tex\tex/latex/graphics\trig.sty
Package: trig 2021/08/11 v1.11 sin cos tan (DPC)
)
(D:\tex\tex/latex/graphics-cfg\graphics.cfg
File: graphics.cfg 2016/06/04 v1.11 sample graphics configuration
)
Package graphics Info: Driver file: pdftex.def on input line 107.

(D:\tex\tex/latex/graphics-def\pdftex.def
File: pdftex.def 2022/09/22 v1.2b Graphics/color driver for pdftex
))
\Gin@req@height=\dimen173
\Gin@req@width=\dimen174
)
(D:\tex\tex/latex/base\textcomp.sty
Package: textcomp 2020/02/02 v2.0n Standard LaTeX package
) (D:\tex\tex/latex/xcolor\xcolor.sty
Package: xcolor 2023/11/15 v3.01 LaTeX color extensions (UK)

(D:\tex\tex/latex/graphics-cfg\color.cfg
File: color.cfg 2016/01/02 v1.6 sample color configuration
)
Package xcolor Info: Driver file: pdftex.def on input line 274.

(D:\tex\tex/latex/graphics\mathcolor.ltx)
Package xcolor Info: Model `cmy' substituted by `cmy0' on input line 1350.
Package xcolor Info: Model `hsb' substituted by `rgb' on input line 1354.
Package xcolor Info: Model `RGB' extended on input line 1366.
Package xcolor Info: Model `HTML' substituted by `rgb' on input line 1368.
Package xcolor Info: Model `Hsb' substituted by `hsb' on input line 1369.
Package xcolor Info: Model `tHsb' substituted by `hsb' on input line 1370.
Package xcolor Info: Model `HSB' substituted by `hsb' on input line 1371.
Package xcolor Info: Model `Gray' substituted by `gray' on input line 1372.
Package xcolor Info: Model `wave' substituted by `hsb' on input line 1373.
)
(D:\tex\tex/latex/booktabs\booktabs.sty
Package: booktabs 2020/01/12 v1.61803398 Publication quality tables
\heavyrulewidth=\dimen175
\lightrulewidth=\dimen176
\cmidrulewidth=\dimen177
\belowrulesep=\dimen178
\belowbottomsep=\dimen179
\aboverulesep=\dimen180
\abovetopsep=\dimen181
\cmidrulesep=\dimen182
\cmidrulekern=\dimen183
\defaultaddspace=\dimen184
\@cmidla=\count280
\@cmidlb=\count281
\@aboverulesep=\dimen185
\@belowrulesep=\dimen186
\@thisruleclass=\count282
\@lastruleclass=\count283
\@thisrulewidth=\dimen187
) (D:\tex\tex/latex/tools\array.sty
Package: array 2023/10/16 v2.5g Tabular extension package (FMi)
\col@sep=\dimen188
\ar@mcellbox=\box55
\extrarowheight=\dimen189
\NC@list=\toks24
\extratabsurround=\skip54
\backup@length=\skip55
\ar@cellbox=\box56
)
(D:\tex\tex/latex/l3backend\l3backend-pdftex.def
File: l3backend-pdftex.def 2024-01-04 L3 backend support: PDF output (pdfTeX)
\l__color_backend_stack_int=\count284
\l__pdf_internal_box=\box57
) (main_final.aux)
\openout1 = `main_final.aux'.

LaTeX Font Info:    Checking defaults for OML/cmm/m/it on input line 10.
LaTeX Font Info:    ... okay on input line 10.
LaTeX Font Info:    Checking defaults for OMS/cmsy/m/n on input line 10.
LaTeX Font Info:    ... okay on input line 10.
LaTeX Font Info:    Checking defaults for OT1/cmr/m/n on input line 10.
LaTeX Font Info:    ... okay on input line 10.
LaTeX Font Info:    Checking defaults for T1/cmr/m/n on input line 10.
LaTeX Font Info:    ... okay on input line 10.
LaTeX Font Info:    Checking defaults for TS1/cmr/m/n on input line 10.
LaTeX Font Info:    ... okay on input line 10.
LaTeX Font Info:    Checking defaults for OMX/cmex/m/n on input line 10.
LaTeX Font Info:    ... okay on input line 10.
LaTeX Font Info:    Checking defaults for U/cmr/m/n on input line 10.
LaTeX Font Info:    ... okay on input line 10.

-- Lines per column: 56 (exact).
(D:\tex\tex/context/base/mkii\supp-pdf.mkii
[Loading MPS to PDF converter (version 2006.09.02).]
\scratchcounter=\count285
\scratchdimen=\dimen190
\scratchbox=\box58
\nofMPsegments=\count286
\nofMParguments=\count287
\everyMPshowfont=\toks25
\MPscratchCnt=\count288
\MPscratchDim=\dimen191
\MPnumerator=\count289
\makeMPintoPDFobject=\count290
\everyMPtoPDFconversion=\toks26
) (D:\tex\tex/latex/epstopdf-pkg\epstopdf-base.sty
Package: epstopdf-base 2020-01-24 v2.11 Base part for package epstopdf
Package epstopdf-base Info: Redefining graphics rule for `.eps' on input line 4
85.

(D:\tex\tex/latex/00miktex\epstopdf-sys.cfg
File: epstopdf-sys.cfg 2021/03/18 v2.0 Configuration of epstopdf for MiKTeX
)) (00_abstract.tex
LaTeX Font Info:    Trying to load font information for U+msa on input line 12.


(D:\tex\tex/latex/amsfonts\umsa.fd
File: umsa.fd 2013/01/14 v3.01 AMS symbols A
)
LaTeX Font Info:    Trying to load font information for U+msb on input line 12.

 (D:\tex\tex/latex/amsfonts\umsb.fd
File: umsb.fd 2013/01/14 v3.01 AMS symbols B
))
(01_introduction_v2.tex [1{C:/Users/Saru/AppData/Local/MiKTeX/fonts/map/pdftex/
pdftex.map}{D:/tex/fonts/enc/dvips/base/8r.enc}


]) (02_data_v2.tex
(Part2/02_data_trajectory_dataset.tex [2]
<figures/Fig1_final.pdf, id=24, 876.63509pt x 604.40753pt>
File: figures/Fig1_final.pdf Graphic file (type pdf)
<use figures/Fig1_final.pdf>
Package pdftex.def Info: figures/Fig1_final.pdf  used on input line 21.
(pdftex.def)             Requested size: 516.0pt x 355.7581pt.
) (Part2/02_data_t1_observable_v2.tex
LaTeX Font Info:    Trying to load font information for OT1+pcr on input line 2
5.

(D:\tex\tex/latex/psnfss\ot1pcr.fd
File: ot1pcr.fd 2001/06/04 font definitions for OT1/pcr.
)
Underfull \hbox (badness 4403) in paragraph at lines 23--36
[]\OT1/ptm/m/n/10 Transition events were in-her-ited from the up-stream
 []


Underfull \hbox (badness 1552) in paragraph at lines 23--36
\OT1/ptm/m/n/10 compact-density coarse-graining. The con-tin-u-ous quan-tity
 []


Underfull \hbox (badness 5924) in paragraph at lines 23--36
\OT1/ptm/m/n/10 was $\OML/cmm/m/it/10 C\OT1/cmr/m/n/10 (\OML/cmm/m/it/10 t\OT1/
cmr/m/n/10 )$ \OT1/ptm/m/n/10 and the low/high la-bels were the frozen
 []

)) (03_methods_v2.tex (Part3/03_methods_affine_reduction_and_controls_v2.tex
[3]
Underfull \vbox (badness 10000) has occurred while \output is active []


Underfull \hbox (badness 3769) in paragraph at lines 63--66
[]\OT1/ptm/m/n/10 Surviving ob-ser-va-tions were rechecked un-der nearby
 []

[4 <./figures/Fig1_final.pdf>])
(Part3/03_methods_reduction_boundary_tests_v2.tex)
Underfull \hbox (badness 2065) in paragraph at lines 50--11
[]\OT1/ptm/m/n/10 All cross-observation sum-maries pre-served ob-ser-va-tion
 []

) (04_results_v2.tex (Part4/04_results_t1_survival_v2.tex
<figures/Fig2_final.pdf, id=43, 1006.77693pt x 394.73813pt>
File: figures/Fig2_final.pdf Graphic file (type pdf)
<use figures/Fig2_final.pdf>
Package pdftex.def Info: figures/Fig2_final.pdf  used on input line 5.
(pdftex.def)             Requested size: 516.0pt x 202.31363pt.
)
(Part4/04_results_scale_lag_robustness_v2.tex [5])
(Part4/04_results_diffuse_phenotype_v2.tex
<figures/Fig3_final.pdf, id=47, 934.1989pt x 604.40753pt>
File: figures/Fig3_final.pdf Graphic file (type pdf)
<use figures/Fig3_final.pdf>
Package pdftex.def Info: figures/Fig3_final.pdf  used on input line 5.
(pdftex.def)             Requested size: 516.0pt x 333.83621pt.
)
(Part4/04_results_failed_reductions_v2.tex
<figures/Fig4_final.pdf, id=48, 962.61757pt x 618.71704pt>
File: figures/Fig4_final.pdf Graphic file (type pdf)
<use figures/Fig4_final.pdf>
Package pdftex.def Info: figures/Fig4_final.pdf  used on input line 5.
(pdftex.def)             Requested size: 516.0pt x 331.66649pt.
)
(Part4/04_results_empirical_boundary_v2.tex
<figures/Fig5_final.pdf, id=49, 933.81244pt x 619.04248pt>
File: figures/Fig5_final.pdf Graphic file (type pdf)
<use figures/Fig5_final.pdf>
Package pdftex.def Info: figures/Fig5_final.pdf  used on input line 5.
(pdftex.def)             Requested size: 516.0pt x 342.0802pt.
 [6 <./figures/Fig2_final.pdf>]
Underfull \hbox (badness 10000) in paragraph at lines 42--42
[]|\OT1/ptm/m/n/8 14/19 both-scale and
 []


Underfull \hbox (badness 10000) in paragraph at lines 42--42
\OT1/ptm/m/n/8 15/19 any-scale sur-vival;
 []


Underfull \hbox (badness 10000) in paragraph at lines 42--42
\OT1/ptm/m/n/8 full-pipeline pseudo-
 []


Underfull \hbox (badness 10000) in paragraph at lines 42--42
\OT1/ptm/m/n/8 event cal-i-bra-tion
 []


Underfull \hbox (badness 10000) in paragraph at lines 42--42
\OML/cmm/m/it/8 p[] \OT1/cmr/m/n/8 = 0\OML/cmm/m/it/8 :\OT1/cmr/m/n/8 000999$ \
OT1/ptm/m/n/8 at
 []


Underfull \hbox (badness 10000) in paragraph at lines 43--43
[]|\OT1/ptm/m/n/8 Centered 14/19, past-only
 []


Underfull \hbox (badness 3260) in paragraph at lines 45--45
[]|\OT1/ptm/m/n/8 14/15 sur-vivor ob-ser-va-tions
 []


Underfull \hbox (badness 7186) in paragraph at lines 46--46
[]|\OT1/ptm/m/n/8 13/14 dif-fuse all-tangential
 []


Underfull \hbox (badness 1924) in paragraph at lines 50--50
[]|\OT1/ptm/m/n/8 Confirmatory route not en-
 []

)) (05_discussion_conclusion_v2.tex
(Part5/05_discussion_interpretive_value_v2.tex)
(Part5/05_discussion_context_transfer_v2.tex [7 <./figures/Fig3_final.pdf>])
(Part5/05_discussion_limitations_future_v2.tex
Underfull \vbox (badness 1460) has occurred while \output is active []

 [8 <./figures/Fig4_final.pdf>]) (Part5/05_conclusion_v2.tex
Underfull \vbox (badness 3646) has occurred while \output is active []

))
(bibitems.tex [9 <./figures/Fig5_final.pdf>])

** Conference Paper **
Before submitting the final camera ready copy, remember to:

 1. Manually equalize the lengths of two columns on the last page
 of your paper;

 2. Ensure that any PostScript and/or PDF output post-processing
 uses only Type 1 fonts and that every step in the generation
 process uses the appropriate paper size.

[10

] (main_final.aux)
 ***********
LaTeX2e <2023-11-01> patch level 1
L3 programming layer <2024-01-04>
 ***********
 ) 
Here is how much of TeX's memory you used:
 4438 strings out of 474486
 73884 string characters out of 5761581
 1945542 words of memory out of 5000000
 26602 multiletter control sequences out of 15000+600000
 600533 words of font info for 126 fonts, out of 8000000 for 9000
 1141 hyphenation exceptions out of 8191
 57i,13n,65p,550b,266s stack positions out of 10000i,1000n,20000p,200000b,200000s
<D:/tex/fonts/type1/public/amsfonts/cm/cmbx10.pfb><D:/tex/fonts/type1/public/
amsfonts/cm/cmbx7.pfb><D:/tex/fonts/type1/public/amsfonts/cm/cmex10.pfb><D:/tex
/fonts/type1/public/amsfonts/cm/cmmi10.pfb><D:/tex/fonts/type1/public/amsfonts/
cm/cmmi5.pfb><D:/tex/fonts/type1/public/amsfonts/cm/cmmi7.pfb><D:/tex/fonts/typ
e1/public/amsfonts/cm/cmmi8.pfb><D:/tex/fonts/type1/public/amsfonts/cm/cmmi9.pf
b><D:/tex/fonts/type1/public/amsfonts/cm/cmmib10.pfb><D:/tex/fonts/type1/public
/amsfonts/cm/cmr10.pfb><D:/tex/fonts/type1/public/amsfonts/cm/cmr6.pfb><D:/tex/
fonts/type1/public/amsfonts/cm/cmr7.pfb><D:/tex/fonts/type1/public/amsfonts/cm/
cmr8.pfb><D:/tex/fonts/type1/public/amsfonts/cm/cmr9.pfb><D:/tex/fonts/type1/pu
blic/amsfonts/cm/cmsy10.pfb><D:/tex/fonts/type1/public/amsfonts/cm/cmsy7.pfb><D
:/tex/fonts/type1/public/amsfonts/cm/cmsy8.pfb><D:/tex/fonts/type1/urw/courier/
ucrr8a.pfb><D:/tex/fonts/type1/urw/times/utmb8a.pfb><D:/tex/fonts/type1/urw/tim
es/utmbi8a.pfb><D:/tex/fonts/type1/urw/times/utmr8a.pfb><D:/tex/fonts/type1/urw
/times/utmri8a.pfb>
Output written on main_final.pdf (10 pages, 395114 bytes).
PDF statistics:
 221 PDF objects out of 1000 (max. 8388607)
 0 named destinations out of 1000 (max. 500000)
 26 words of extra memory for PDF output out of 10000 (max. 10000000)

